Archive member included to satisfy reference by file (symbol)

c:/program files (x86)/atmel/studio/7.0/toolchain/avr8/avr8-gnu-toolchain/bin/../lib/gcc/avr/5.4.0/avr51\libgcc.a(_exit.o)
                              C:/Program Files (x86)/Atmel/Studio/7.0/Packs/atmel/ATmega_DFP/1.6.364/gcc/dev/at90usb1287/avr51/crtat90usb1287.o (exit)
c:/program files (x86)/atmel/studio/7.0/toolchain/avr8/avr8-gnu-toolchain/bin/../lib/gcc/avr/5.4.0/avr51\libgcc.a(_copy_data.o)
                              LUFA/LUFA/Drivers/USB/Class/Device/CDCClassDevice.o (__do_copy_data)
c:/program files (x86)/atmel/studio/7.0/toolchain/avr8/avr8-gnu-toolchain/bin/../lib/gcc/avr/5.4.0/avr51\libgcc.a(_clear_bss.o)
                              LUFA/LUFA/Drivers/USB/Core/DeviceStandardReq.o (__do_clear_bss)
c:/program files (x86)/atmel/studio/7.0/toolchain/avr8/avr8-gnu-toolchain/bin/../lib/gcc/avr/5.4.0/../../../../avr/lib/avr51\libc.a(memcpy_P.o)
                              LUFA/LUFA/Drivers/USB/Class/Device/RNDISClassDevice.o (memcpy_P)
c:/program files (x86)/atmel/studio/7.0/toolchain/avr8/avr8-gnu-toolchain/bin/../lib/gcc/avr/5.4.0/../../../../avr/lib/avr51\libc.a(strlen_P.o)
                              LUFA/LUFA/Drivers/USB/Class/Device/CDCClassDevice.o (__strlen_P)
c:/program files (x86)/atmel/studio/7.0/toolchain/avr8/avr8-gnu-toolchain/bin/../lib/gcc/avr/5.4.0/../../../../avr/lib/avr51\libc.a(memcmp.o)
                              LUFA/LUFA/Drivers/USB/Class/Device/HIDClassDevice.o (memcmp)
c:/program files (x86)/atmel/studio/7.0/toolchain/avr8/avr8-gnu-toolchain/bin/../lib/gcc/avr/5.4.0/../../../../avr/lib/avr51\libc.a(memcpy.o)
                              LUFA/LUFA/Drivers/USB/Class/Device/HIDClassDevice.o (memcpy)
c:/program files (x86)/atmel/studio/7.0/toolchain/avr8/avr8-gnu-toolchain/bin/../lib/gcc/avr/5.4.0/../../../../avr/lib/avr51\libc.a(memset.o)
                              LUFA/LUFA/Drivers/USB/Class/Device/HIDClassDevice.o (memset)
C:/Program Files (x86)/Atmel/Studio/7.0/Packs/atmel/ATmega_DFP/1.6.364/gcc/dev/at90usb1287/avr51\libat90usb1287.a(eerd_byte.o)
                              LUFA/LUFA/Drivers/USB/Core/AVR8/EndpointStream_AVR8.o (eeprom_read_byte)
C:/Program Files (x86)/Atmel/Studio/7.0/Packs/atmel/ATmega_DFP/1.6.364/gcc/dev/at90usb1287/avr51\libat90usb1287.a(eeupd_byte.o)
                              LUFA/LUFA/Drivers/USB/Core/AVR8/EndpointStream_AVR8.o (eeprom_update_byte)

Allocating common symbols
Common symbol       size              file

USB_IsInitialized   0x1               LUFA/LUFA/Drivers/USB/Core/USBTask.o
USB_DeviceState     0x1               LUFA/LUFA/Drivers/USB/Core/USBTask.o
USB_Device_ConfigurationNumber
                    0x1               LUFA/LUFA/Drivers/USB/Core/DeviceStandardReq.o
USB_Device_CurrentlySelfPowered
                    0x1               LUFA/LUFA/Drivers/USB/Core/DeviceStandardReq.o
USB_ControlRequest  0x8               LUFA/LUFA/Drivers/USB/Core/USBTask.o
USB_Device_RemoteWakeupEnabled
                    0x1               LUFA/LUFA/Drivers/USB/Core/DeviceStandardReq.o

Discarded input sections

 .data          0x00000000        0x0 C:/Program Files (x86)/Atmel/Studio/7.0/Packs/atmel/ATmega_DFP/1.6.364/gcc/dev/at90usb1287/avr51/crtat90usb1287.o
 .bss           0x00000000        0x0 C:/Program Files (x86)/Atmel/Studio/7.0/Packs/atmel/ATmega_DFP/1.6.364/gcc/dev/at90usb1287/avr51/crtat90usb1287.o
 .group         0x00000000        0x8 Descriptors.o
 .group         0x00000000        0x8 Descriptors.o
 .group         0x00000000        0x8 Descriptors.o
 .group         0x00000000        0x8 Descriptors.o
 .group         0x00000000        0x8 Descriptors.o
 .group         0x00000000        0x8 Descriptors.o
 .group         0x00000000        0x8 Descriptors.o
 .group         0x00000000        0x8 Descriptors.o
 .group         0x00000000        0x8 Descriptors.o
 .group         0x00000000        0x8 Descriptors.o
 .group         0x00000000        0x8 Descriptors.o
 .group         0x00000000        0x8 Descriptors.o
 .group         0x00000000        0x8 Descriptors.o
 .group         0x00000000        0x8 Descriptors.o
 .group         0x00000000        0x8 Descriptors.o
 .group         0x00000000        0x8 Descriptors.o
 .group         0x00000000        0x8 Descriptors.o
 .group         0x00000000        0x8 Descriptors.o
 .group         0x00000000        0x8 Descriptors.o
 .group         0x00000000        0x8 Descriptors.o
 .group         0x00000000        0x8 Descriptors.o
 .group         0x00000000        0x8 Descriptors.o
 .group         0x00000000        0x8 Descriptors.o
 .group         0x00000000        0x8 Descriptors.o
 .group         0x00000000        0x8 Descriptors.o
 .group         0x00000000        0x8 Descriptors.o
 .group         0x00000000        0x8 Descriptors.o
 .group         0x00000000        0x8 Descriptors.o
 .group         0x00000000        0x8 Descriptors.o
 .group         0x00000000        0x8 Descriptors.o
[...]
Memory Configuration

Name             Origin             Length             Attributes
text             0x00000000         0x00020000         xr
data             0x00800100         0x00002000         rw !x
eeprom           0x00810000         0x00001000         rw !x
fuse             0x00820000         0x00000003         rw !x
lock             0x00830000         0x00000400         rw !x
signature        0x00840000         0x00000400         rw !x
user_signatures  0x00850000         0x00000400         rw !x
*default*        0x00000000         0xffffffff

Linker script and memory map

Address of section .data set to 0x800100
LOAD C:/Program Files (x86)/Atmel/Studio/7.0/Packs/atmel/ATmega_DFP/1.6.364/gcc/dev/at90usb1287/avr51/crtat90usb1287.o
LOAD Descriptors.o
LOAD LUFA/LUFA/Drivers/USB/Class/Common/HIDParser.o
LOAD LUFA/LUFA/Drivers/USB/Class/Device/AudioClassDevice.o
LOAD LUFA/LUFA/Drivers/USB/Class/Device/CDCClassDevice.o
LOAD LUFA/LUFA/Drivers/USB/Class/Device/HIDClassDevice.o
LOAD LUFA/LUFA/Drivers/USB/Class/Device/MassStorageClassDevice.o
LOAD LUFA/LUFA/Drivers/USB/Class/Device/MIDIClassDevice.o
LOAD LUFA/LUFA/Drivers/USB/Class/Device/PrinterClassDevice.o
LOAD LUFA/LUFA/Drivers/USB/Class/Device/RNDISClassDevice.o
LOAD LUFA/LUFA/Drivers/USB/Class/Host/AndroidAccessoryClassHost.o
LOAD LUFA/LUFA/Drivers/USB/Class/Host/AudioClassHost.o
LOAD LUFA/LUFA/Drivers/USB/Class/Host/CDCClassHost.o
LOAD LUFA/LUFA/Drivers/USB/Class/Host/HIDClassHost.o
LOAD LUFA/LUFA/Drivers/USB/Class/Host/MassStorageClassHost.o
LOAD LUFA/LUFA/Drivers/USB/Class/Host/MIDIClassHost.o
LOAD LUFA/LUFA/Drivers/USB/Class/Host/PrinterClassHost.o
LOAD LUFA/LUFA/Drivers/USB/Class/Host/RNDISClassHost.o
LOAD LUFA/LUFA/Drivers/USB/Class/Host/StillImageClassHost.o
LOAD LUFA/LUFA/Drivers/USB/Core/AVR8/Device_AVR8.o
LOAD LUFA/LUFA/Drivers/USB/Core/AVR8/EndpointStream_AVR8.o
LOAD LUFA/LUFA/Drivers/USB/Core/AVR8/Endpoint_AVR8.o
LOAD LUFA/LUFA/Drivers/USB/Core/AVR8/Host_AVR8.o
LOAD LUFA/LUFA/Drivers/USB/Core/AVR8/PipeStream_AVR8.o
LOAD LUFA/LUFA/Drivers/USB/Core/AVR8/Pipe_AVR8.o
LOAD LUFA/LUFA/Drivers/USB/Core/AVR8/Template/Template_Endpoint_Control_R.o
LOAD LUFA/LUFA/Drivers/USB/Core/AVR8/Template/Template_Endpoint_Control_W.o
LOAD LUFA/LUFA/Drivers/USB/Core/AVR8/Template/Template_Endpoint_RW.o
LOAD LUFA/LUFA/Drivers/USB/Core/AVR8/Template/Template_Pipe_RW.o
LOAD LUFA/LUFA/Drivers/USB/Core/AVR8/USBController_AVR8.o
LOAD LUFA/LUFA/Drivers/USB/Core/AVR8/USBInterrupt_AVR8.o
LOAD LUFA/LUFA/Drivers/USB/Core/ConfigDescriptors.o
LOAD LUFA/LUFA/Drivers/USB/Core/DeviceStandardReq.o
LOAD LUFA/LUFA/Drivers/USB/Core/Events.o
LOAD LUFA/LUFA/Drivers/USB/Core/HostStandardReq.o
LOAD LUFA/LUFA/Drivers/USB/Core/USBTask.o
LOAD Keyboard.o
START GROUP
LOAD c:/program files (x86)/atmel/studio/7.0/toolchain/avr8/avr8-gnu-toolchain/bin/../lib/gcc/avr/5.4.0/../../../../avr/lib/avr51\libm.a
END GROUP
START GROUP
LOAD c:/program files (x86)/atmel/studio/7.0/toolchain/avr8/avr8-gnu-toolchain/bin/../lib/gcc/avr/5.4.0/avr51\libgcc.a
LOAD c:/program files (x86)/atmel/studio/7.0/toolchain/avr8/avr8-gnu-toolchain/bin/../lib/gcc/avr/5.4.0/../../../../avr/lib/avr51\libm.a
LOAD c:/program files (x86)/atmel/studio/7.0/toolchain/avr8/avr8-gnu-toolchain/bin/../lib/gcc/avr/5.4.0/../../../../avr/lib/avr51\libc.a
LOAD C:/Program Files (x86)/Atmel/Studio/7.0/Packs/atmel/ATmega_DFP/1.6.364/gcc/dev/at90usb1287/avr51\libat90usb1287.a
END GROUP
                0x00000000                __TEXT_REGION_ORIGIN__ = DEFINED (__TEXT_REGION_ORIGIN__)?__TEXT_REGION_ORIGIN__:0x0
                [0x00800100]                __DATA_REGION_ORIGIN__ = DEFINED (__DATA_REGION_ORIGIN__)?__DATA_REGION_ORIGIN__:0x800100
                [0x00020000]                __TEXT_REGION_LENGTH__ = DEFINED (__TEXT_REGION_LENGTH__)?__TEXT_REGION_LENGTH__:0x20000
                [0x00002000]                __DATA_REGION_LENGTH__ = DEFINED (__DATA_REGION_LENGTH__)?__DATA_REGION_LENGTH__:0xff00
                [0x00001000]                __EEPROM_REGION_LENGTH__ = DEFINED (__EEPROM_REGION_LENGTH__)?__EEPROM_REGION_LENGTH__:0x10000
                [0x00000003]                __FUSE_REGION_LENGTH__ = DEFINED (__FUSE_REGION_LENGTH__)?__FUSE_REGION_LENGTH__:0x400
                0x00000400                __LOCK_REGION_LENGTH__ = DEFINED (__LOCK_REGION_LENGTH__)?__LOCK_REGION_LENGTH__:0x400
                0x00000400                __SIGNATURE_REGION_LENGTH__ = DEFINED (__SIGNATURE_REGION_LENGTH__)?__SIGNATURE_REGION_LENGTH__:0x400
                0x00000400                __USER_SIGNATURE_REGION_LENGTH__ = DEFINED (__USER_SIGNATURE_REGION_LENGTH__)?__USER_SIGNATURE_REGION_LENGTH__:0x400

.hash
 *(.hash)

.dynsym
 *(.dynsym)

.dynstr
 *(.dynstr)

.gnu.version
 *(.gnu.version)

.gnu.version_d
 *(.gnu.version_d)

.gnu.version_r
 *(.gnu.version_r)

.rel.init
 *(.rel.init)

.rela.init
 *(.rela.init)

.rel.text
 *(.rel.text)
 *(.rel.text.*)
 *(.rel.gnu.linkonce.t*)

.rela.text
 *(.rela.text)
 *(.rela.text.*)
 *(.rela.gnu.linkonce.t*)

.rel.fini
 *(.rel.fini)

.rela.fini
 *(.rela.fini)

.rel.rodata
 *(.rel.rodata)
 *(.rel.rodata.*)
 *(.rel.gnu.linkonce.r*)

.rela.rodata
 *(.rela.rodata)
 *(.rela.rodata.*)
 *(.rela.gnu.linkonce.r*)

.rel.data
 *(.rel.data)
 *(.rel.data.*)
 *(.rel.gnu.linkonce.d*)

.rela.data
 *(.rela.data)
 *(.rela.data.*)
 *(.rela.gnu.linkonce.d*)

.rel.ctors
 *(.rel.ctors)

.rela.ctors
 *(.rela.ctors)

.rel.dtors
 *(.rel.dtors)

.rela.dtors
 *(.rela.dtors)

.rel.got
 *(.rel.got)

.rela.got
 *(.rela.got)

.rel.bss
 *(.rel.bss)

.rela.bss
 *(.rela.bss)

.rel.plt
 *(.rel.plt)

.rela.plt
 *(.rela.plt)

.text           0x00000000     0x131e
 *(.vectors)
 .vectors       0x00000000       0x98 C:/Program Files (x86)/Atmel/Studio/7.0/Packs/atmel/ATmega_DFP/1.6.364/gcc/dev/at90usb1287/avr51/crtat90usb1287.o
                0x00000000                __vector_default
                0x00000000                __vectors
 *(.vectors)
 *(.progmem.gcc*)
                0x00000098                . = ALIGN (0x2)
                0x00000098                __trampolines_start = .
 *(.trampolines)
 .trampolines   0x00000098        0x0 linker stubs
 *(.trampolines*)
                0x00000098                __trampolines_end = .
 *libprintf_flt.a:*(.progmem.data)
 *libc.a:*(.progmem.data)
 *(.progmem*)
 .progmem.data.ProductString
                0x00000098       0x28 Descriptors.o
                0x00000098                ProductString
 .progmem.data.ManufacturerString
                0x000000c0       0x1a Descriptors.o
                0x000000c0                ManufacturerString
 .progmem.data.LanguageString
                0x000000da        0x4 Descriptors.o
                0x000000da                LanguageString
 .progmem.data.ConfigurationDescriptor
                0x000000de       0x22 Descriptors.o
                0x000000de                ConfigurationDescriptor
 .progmem.data.DeviceDescriptor
                0x00000100       0x12 Descriptors.o
                0x00000100                DeviceDescriptor
 .progmem.data.KeyboardReport
                0x00000112       0x40 Descriptors.o
                0x00000112                KeyboardReport
                0x00000152                . = ALIGN (0x2)
 *(.jumptables)
 *(.jumptables*)
 *(.lowtext)
 *(.lowtext*)
                0x00000152                __ctors_start = .
 *(.ctors)
                0x00000152                __ctors_end = .
                0x00000152                __dtors_start = .
 *(.dtors)
                0x00000152                __dtors_end = .
 SORT(*)(.ctors)
 SORT(*)(.dtors)
 *(.init0)
 .init0         0x00000152        0x0 C:/Program Files (x86)/Atmel/Studio/7.0/Packs/atmel/ATmega_DFP/1.6.364/gcc/dev/at90usb1287/avr51/crtat90usb1287.o
                0x00000152                __init
 *(.init0)
 *(.init1)
 *(.init1)
 *(.init2)
 .init2         0x00000152        0xc C:/Program Files (x86)/Atmel/Studio/7.0/Packs/atmel/ATmega_DFP/1.6.364/gcc/dev/at90usb1287/avr51/crtat90usb1287.o
 *(.init2)
 *(.init3)
 *(.init3)
 *(.init4)
 .init4         0x0000015e       0x1a c:/program files (x86)/atmel/studio/7.0/toolchain/avr8/avr8-gnu-toolchain/bin/../lib/gcc/avr/5.4.0/avr51\libgcc.a(_copy_data.o)
                0x0000015e                __do_copy_data
 .init4         0x00000178       0x10 c:/program files (x86)/atmel/studio/7.0/toolchain/avr8/avr8-gnu-toolchain/bin/../lib/gcc/avr/5.4.0/avr51\libgcc.a(_clear_bss.o)
                0x00000178                __do_clear_bss
 *(.init4)
 *(.init5)
 *(.init5)
 *(.init6)
 *(.init6)
 *(.init7)
 *(.init7)
 *(.init8)
 *(.init8)
 *(.init9)
 .init9         0x00000188        0x8 C:/Program Files (x86)/Atmel/Studio/7.0/Packs/atmel/ATmega_DFP/1.6.364/gcc/dev/at90usb1287/avr51/crtat90usb1287.o
 *(.init9)
 *(.text)
 .text          0x00000190        0x2 C:/Program Files (x86)/Atmel/Studio/7.0/Packs/atmel/ATmega_DFP/1.6.364/gcc/dev/at90usb1287/avr51/crtat90usb1287.o
                0x00000190                __vector_22
                0x00000190                __vector_28
                0x00000190                __vector_1
                0x00000190                __vector_32
                0x00000190                __vector_34
                0x00000190                __vector_24
                0x00000190                __vector_12
                0x00000190                __bad_interrupt
                0x00000190                __vector_6
                0x00000190                __vector_31
                0x00000190                __vector_35
                0x00000190                __vector_3
                0x00000190                __vector_23
                0x00000190                __vector_30
                0x00000190                __vector_25
                0x00000190                __vector_11
                0x00000190                __vector_13
                0x00000190                __vector_17
                0x00000190                __vector_19
                0x00000190                __vector_7
                0x00000190                __vector_27
                0x00000190                __vector_5
                0x00000190                __vector_33
                0x00000190                __vector_37
                0x00000190                __vector_4
                0x00000190                __vector_9
                0x00000190                __vector_2
                0x00000190                __vector_21
                0x00000190                __vector_15
                0x00000190                __vector_36
                0x00000190                __vector_29
                0x00000190                __vector_8
                0x00000190                __vector_26
                0x00000190                __vector_14
                0x00000190                __vector_16
                0x00000190                __vector_18
                0x00000190                __vector_20
                0x00000192                . = ALIGN (0x2)
 *(.text.*)
 .text.CALLBACK_USB_GetDescriptor
                0x00000192       0x9e Descriptors.o
                0x00000192                CALLBACK_USB_GetDescriptor
 .text.HID_Device_ProcessControlRequest
                0x00000230      0x294 LUFA/LUFA/Drivers/USB/Class/Device/HIDClassDevice.o
                0x00000230                HID_Device_ProcessControlRequest
 .text.HID_Device_ConfigureEndpoints
                0x000004c4       0x28 LUFA/LUFA/Drivers/USB/Class/Device/HIDClassDevice.o
                0x000004c4                HID_Device_ConfigureEndpoints
 .text.HID_Device_USBTask
                0x000004ec      0x17a LUFA/LUFA/Drivers/USB/Class/Device/HIDClassDevice.o
                0x000004ec                HID_Device_USBTask
 .text.Endpoint_Write_Stream_LE
                0x00000666       0xba LUFA/LUFA/Drivers/USB/Core/AVR8/EndpointStream_AVR8.o
                0x00000666                Endpoint_Write_Stream_LE
 .text.Endpoint_Write_Control_Stream_LE
                0x00000720       0xfe LUFA/LUFA/Drivers/USB/Core/AVR8/EndpointStream_AVR8.o
                0x00000720                Endpoint_Write_Control_Stream_LE
 .text.Endpoint_Read_Control_Stream_LE
                0x0000081e       0xd2 LUFA/LUFA/Drivers/USB/Core/AVR8/EndpointStream_AVR8.o
                0x0000081e                Endpoint_Read_Control_Stream_LE
 .text.Endpoint_Write_Control_PStream_LE
                0x000008f0      0x100 LUFA/LUFA/Drivers/USB/Core/AVR8/EndpointStream_AVR8.o
                0x000008f0                Endpoint_Write_Control_PStream_LE
 .text.Endpoint_ConfigureEndpoint_Prv
                0x000009f0       0xcc LUFA/LUFA/Drivers/USB/Core/AVR8/Endpoint_AVR8.o
                0x000009f0                Endpoint_ConfigureEndpoint_Prv
 .text.Endpoint_ConfigureEndpointTable
                0x00000abc       0x9e LUFA/LUFA/Drivers/USB/Core/AVR8/Endpoint_AVR8.o
                0x00000abc                Endpoint_ConfigureEndpointTable
 .text.Endpoint_ClearStatusStage
                0x00000b5a       0x48 LUFA/LUFA/Drivers/USB/Core/AVR8/Endpoint_AVR8.o
                0x00000b5a                Endpoint_ClearStatusStage
 .text.Endpoint_WaitUntilReady
                0x00000ba2       0x82 LUFA/LUFA/Drivers/USB/Core/AVR8/Endpoint_AVR8.o
                0x00000ba2                Endpoint_WaitUntilReady
 .text.USB_ResetInterface
                0x00000c24       0x8a LUFA/LUFA/Drivers/USB/Core/AVR8/USBController_AVR8.o
                0x00000c24                USB_ResetInterface
 .text.USB_Init
                0x00000cae       0x1e LUFA/LUFA/Drivers/USB/Core/AVR8/USBController_AVR8.o
                0x00000cae                USB_Init
 .text.USB_INT_DisableAllInterrupts
                0x00000ccc       0x10 LUFA/LUFA/Drivers/USB/Core/AVR8/USBInterrupt_AVR8.o
                0x00000ccc                USB_INT_DisableAllInterrupts
 .text.USB_INT_ClearAllInterrupts
                0x00000cdc        0xa LUFA/LUFA/Drivers/USB/Core/AVR8/USBInterrupt_AVR8.o
                0x00000cdc                USB_INT_ClearAllInterrupts
 .text.__vector_10
                0x00000ce6      0x188 LUFA/LUFA/Drivers/USB/Core/AVR8/USBInterrupt_AVR8.o
                0x00000ce6                __vector_10
 .text.USB_Device_ProcessControlRequest
                0x00000e6e      0x2f0 LUFA/LUFA/Drivers/USB/Core/DeviceStandardReq.o
                0x00000e6e                USB_Device_ProcessControlRequest
 .text.USB_Event_Stub
                0x0000115e        0x2 LUFA/LUFA/Drivers/USB/Core/Events.o
                0x0000115e                USB_Event_Stub
                0x0000115e                EVENT_USB_Device_Suspend
                0x0000115e                EVENT_USB_Device_Reset
                0x0000115e                EVENT_USB_Device_WakeUp
 .text.USB_USBTask
                0x00001160       0x34 LUFA/LUFA/Drivers/USB/Core/USBTask.o
                0x00001160                USB_USBTask
 .text.SetupHardware
                0x00001194       0x46 Keyboard.o
                0x00001194                SetupHardware
 .text.main     0x000011da       0x18 Keyboard.o
                0x000011da                main
 .text.EVENT_USB_Device_Connect
                0x000011f2       0x10 Keyboard.o
                0x000011f2                EVENT_USB_Device_Connect
 .text.EVENT_USB_Device_Disconnect
                0x00001202        0xc Keyboard.o
                0x00001202                EVENT_USB_Device_Disconnect
 .text.EVENT_USB_Device_ConfigurationChanged
                0x0000120e       0x2e Keyboard.o
                0x0000120e                EVENT_USB_Device_ConfigurationChanged
 .text.EVENT_USB_Device_ControlRequest
                0x0000123c        0xa Keyboard.o
                0x0000123c                EVENT_USB_Device_ControlRequest
 .text.EVENT_USB_Device_StartOfFrame
                0x00001246       0x18 Keyboard.o
                0x00001246                EVENT_USB_Device_StartOfFrame
 .text.CALLBACK_HID_Device_CreateHIDReport
                0x0000125e       0x58 Keyboard.o
                0x0000125e                CALLBACK_HID_Device_CreateHIDReport
 .text.CALLBACK_HID_Device_ProcessHIDReport
                0x000012b6       0x2a Keyboard.o
                0x000012b6                CALLBACK_HID_Device_ProcessHIDReport
 .text.avr-libc
                0x000012e0       0x1a c:/program files (x86)/atmel/studio/7.0/toolchain/avr8/avr8-gnu-toolchain/bin/../lib/gcc/avr/5.4.0/../../../../avr/lib/avr51\libc.a(memcmp.o)
                0x000012e0                memcmp
 .text.avr-libc
                0x000012fa       0x12 c:/program files (x86)/atmel/studio/7.0/toolchain/avr8/avr8-gnu-toolchain/bin/../lib/gcc/avr/5.4.0/../../../../avr/lib/avr51\libc.a(memcpy.o)
                0x000012fa                memcpy
 .text.avr-libc
                0x0000130c        0xe c:/program files (x86)/atmel/studio/7.0/toolchain/avr8/avr8-gnu-toolchain/bin/../lib/gcc/avr/5.4.0/../../../../avr/lib/avr51\libc.a(memset.o)
                0x0000130c                memset
                0x0000131a                . = ALIGN (0x2)
 *(.fini9)
 .fini9         0x0000131a        0x0 c:/program files (x86)/atmel/studio/7.0/toolchain/avr8/avr8-gnu-toolchain/bin/../lib/gcc/avr/5.4.0/avr51\libgcc.a(_exit.o)
                0x0000131a                _exit
                0x0000131a                exit
 *(.fini9)
 *(.fini8)
 *(.fini8)
 *(.fini7)
 *(.fini7)
 *(.fini6)
 *(.fini6)
 *(.fini5)
 *(.fini5)
 *(.fini4)
 *(.fini4)
 *(.fini3)
 *(.fini3)
 *(.fini2)
 *(.fini2)
 *(.fini1)
 *(.fini1)
 *(.fini0)
 .fini0         0x0000131a        0x4 c:/program files (x86)/atmel/studio/7.0/toolchain/avr8/avr8-gnu-toolchain/bin/../lib/gcc/avr/5.4.0/avr51\libgcc.a(_exit.o)
 *(.fini0)
                0x0000131e                _etext = .

.data           0x00800100       0x10 load address 0x0000131e
                0x00800100                PROVIDE (__data_start, .)
 *(.data)
 *(.data*)
 .data.Keyboard_HID_Interface
                0x00800100       0x10 Keyboard.o
                0x00800100                Keyboard_HID_Interface
 *(.gnu.linkonce.d*)
 *(.rodata)
 *(.rodata*)
 *(.gnu.linkonce.r*)
                0x00800110                . = ALIGN (0x2)
                0x00800110                _edata = .
                0x00800110                PROVIDE (__data_end, .)

.bss            0x00800110       0x15
                0x00800110                PROVIDE (__bss_start, .)
 *(.bss)
 *(.bss*)
 .bss.PrevKeyboardHIDReportBuffer
                0x00800110        0x8 Keyboard.o
 *(COMMON)
 COMMON         0x00800118        0x3 LUFA/LUFA/Drivers/USB/Core/DeviceStandardReq.o
                0x00800118                USB_Device_ConfigurationNumber
                0x00800119                USB_Device_CurrentlySelfPowered
                0x0080011a                USB_Device_RemoteWakeupEnabled
 COMMON         0x0080011b        0xa LUFA/LUFA/Drivers/USB/Core/USBTask.o
                0x0080011b                USB_IsInitialized
                0x0080011c                USB_DeviceState
                0x0080011d                USB_ControlRequest
                0x00800125                PROVIDE (__bss_end, .)
                0x0000131e                __data_load_start = LOADADDR (.data)
                0x0000132e                __data_load_end = (__data_load_start + SIZEOF (.data))

.noinit         0x00800125        0x0
                [!provide]                PROVIDE (__noinit_start, .)
 *(.noinit*)
                [!provide]                PROVIDE (__noinit_end, .)
                0x00800125                _end = .
                [!provide]                PROVIDE (__heap_start, .)

.eeprom         0x00810000        0x0
 *(.eeprom*)
                0x00810000                __eeprom_end = .

.fuse
 *(.fuse)
 *(.lfuse)
 *(.hfuse)
 *(.efuse)

.lock
 *(.lock*)

.signature
 *(.signature*)

.user_signatures
 *(.user_signatures*)

.stab
 *(.stab)

.stabstr
 *(.stabstr)

.stab.excl
 *(.stab.excl)

.stab.exclstr
 *(.stab.exclstr)

.stab.index
 *(.stab.index)

.stab.indexstr
 *(.stab.indexstr)

.comment        0x00000000       0x30
 *(.comment)
 .comment       0x00000000       0x30 Descriptors.o
                                 0x31 (size before relaxing)
 .comment       0x00000030       0x31 LUFA/LUFA/Drivers/USB/Class/Device/HIDClassDevice.o
 .comment       0x00000030       0x31 LUFA/LUFA/Drivers/USB/Core/AVR8/EndpointStream_AVR8.o
 .comment       0x00000030       0x31 LUFA/LUFA/Drivers/USB/Core/AVR8/Endpoint_AVR8.o
 .comment       0x00000030       0x31 LUFA/LUFA/Drivers/USB/Core/AVR8/USBController_AVR8.o
 .comment       0x00000030       0x31 LUFA/LUFA/Drivers/USB/Core/AVR8/USBInterrupt_AVR8.o
 .comment       0x00000030       0x31 LUFA/LUFA/Drivers/USB/Core/DeviceStandardReq.o
 .comment       0x00000030       0x31 LUFA/LUFA/Drivers/USB/Core/Events.o
 .comment       0x00000030       0x31 LUFA/LUFA/Drivers/USB/Core/USBTask.o
 .comment       0x00000030       0x31 Keyboard.o

.note.gnu.avr.deviceinfo
                0x00000000       0x40
 .note.gnu.avr.deviceinfo
                0x00000000       0x40 C:/Program Files (x86)/Atmel/Studio/7.0/Packs/atmel/ATmega_DFP/1.6.364/gcc/dev/at90usb1287/avr51/crtat90usb1287.o

.note.gnu.build-id
 *(.note.gnu.build-id)

.debug
 *(.debug)

.line
 *(.line)

.debug_srcinfo
 *(.debug_srcinfo)

.debug_sfnames
 *(.debug_sfnames)

.debug_aranges  0x00000000      0x278
 *(.debug_aranges)
 .debug_aranges
                0x00000000       0x20 Descriptors.o
 .debug_aranges
                0x00000020       0x30 LUFA/LUFA/Drivers/USB/Class/Device/HIDClassDevice.o
 .debug_aranges
                0x00000050       0xc8 LUFA/LUFA/Drivers/USB/Core/AVR8/EndpointStream_AVR8.o
 .debug_aranges
                0x00000118       0x40 LUFA/LUFA/Drivers/USB/Core/AVR8/Endpoint_AVR8.o
 .debug_aranges
                0x00000158       0x30 LUFA/LUFA/Drivers/USB/Core/AVR8/USBController_AVR8.o
 .debug_aranges
                0x00000188       0x30 LUFA/LUFA/Drivers/USB/Core/AVR8/USBInterrupt_AVR8.o
 .debug_aranges
                0x000001b8       0x20 LUFA/LUFA/Drivers/USB/Core/DeviceStandardReq.o
 .debug_aranges
                0x000001d8       0x20 LUFA/LUFA/Drivers/USB/Core/Events.o
 .debug_aranges
                0x000001f8       0x20 LUFA/LUFA/Drivers/USB/Core/USBTask.o
 .debug_aranges
                0x00000218       0x60 Keyboard.o

.debug_pubnames
 *(.debug_pubnames)

.debug_info     0x00000000     0x59f6
 *(.debug_info .gnu.linkonce.wi.*)
 .debug_info    0x00000000      0xb70 C:/Program Files (x86)/Atmel/Studio/7.0/Packs/atmel/ATmega_DFP/1.6.364/gcc/dev/at90usb1287/avr51/crtat90usb1287.o
 .debug_info    0x00000b70      0x710 Descriptors.o
 .debug_info    0x00001280      0x94b LUFA/LUFA/Drivers/USB/Class/Device/HIDClassDevice.o
 .debug_info    0x00001bcb     0x181c LUFA/LUFA/Drivers/USB/Core/AVR8/EndpointStream_AVR8.o
 .debug_info    0x000033e7      0x61c LUFA/LUFA/Drivers/USB/Core/AVR8/Endpoint_AVR8.o
 .debug_info    0x00003a03      0x4ea LUFA/LUFA/Drivers/USB/Core/AVR8/USBController_AVR8.o
 .debug_info    0x00003eed      0x68b LUFA/LUFA/Drivers/USB/Core/AVR8/USBInterrupt_AVR8.o
 .debug_info    0x00004578      0xa81 LUFA/LUFA/Drivers/USB/Core/DeviceStandardReq.o
 .debug_info    0x00004ff9       0x7c LUFA/LUFA/Drivers/USB/Core/Events.o
 .debug_info    0x00005075      0x276 LUFA/LUFA/Drivers/USB/Core/USBTask.o
 .debug_info    0x000052eb      0x70b Keyboard.o

.debug_abbrev   0x00000000     0x1caa
 *(.debug_abbrev)
 .debug_abbrev  0x00000000      0xad2 C:/Program Files (x86)/Atmel/Studio/7.0/Packs/atmel/ATmega_DFP/1.6.364/gcc/dev/at90usb1287/avr51/crtat90usb1287.o
 .debug_abbrev  0x00000ad2      0x16d Descriptors.o
 .debug_abbrev  0x00000c3f      0x216 LUFA/LUFA/Drivers/USB/Class/Device/HIDClassDevice.o
 .debug_abbrev  0x00000e55      0x1ed LUFA/LUFA/Drivers/USB/Core/AVR8/EndpointStream_AVR8.o
 .debug_abbrev  0x00001042      0x236 LUFA/LUFA/Drivers/USB/Core/AVR8/Endpoint_AVR8.o
 .debug_abbrev  0x00001278      0x186 LUFA/LUFA/Drivers/USB/Core/AVR8/USBController_AVR8.o
 .debug_abbrev  0x000013fe      0x1b7 LUFA/LUFA/Drivers/USB/Core/AVR8/USBInterrupt_AVR8.o
 .debug_abbrev  0x000015b5      0x2b0 LUFA/LUFA/Drivers/USB/Core/DeviceStandardReq.o
 .debug_abbrev  0x00001865       0x47 LUFA/LUFA/Drivers/USB/Core/Events.o
 .debug_abbrev  0x000018ac      0x16e LUFA/LUFA/Drivers/USB/Core/USBTask.o
 .debug_abbrev  0x00001a1a      0x290 Keyboard.o

.debug_line     0x00000000     0x7f07
 *(.debug_line .debug_line.* .debug_line_end)
 .debug_line    0x00000000      0x17c C:/Program Files (x86)/Atmel/Studio/7.0/Packs/atmel/ATmega_DFP/1.6.364/gcc/dev/at90usb1287/avr51/crtat90usb1287.o
 .debug_line    0x0000017c      0xc91 Descriptors.o
 .debug_line    0x00000e0d      0xfb9 LUFA/LUFA/Drivers/USB/Class/Device/HIDClassDevice.o
 .debug_line    0x00001dc6     0x1e20 LUFA/LUFA/Drivers/USB/Core/AVR8/EndpointStream_AVR8.o
 .debug_line    0x00003be6      0xb78 LUFA/LUFA/Drivers/USB/Core/AVR8/Endpoint_AVR8.o
 .debug_line    0x0000475e      0x858 LUFA/LUFA/Drivers/USB/Core/AVR8/USBController_AVR8.o
 .debug_line    0x00004fb6      0xa16 LUFA/LUFA/Drivers/USB/Core/AVR8/USBInterrupt_AVR8.o
 .debug_line    0x000059cc      0xa3d LUFA/LUFA/Drivers/USB/Core/DeviceStandardReq.o
 .debug_line    0x00006409      0x4ba LUFA/LUFA/Drivers/USB/Core/Events.o
 .debug_line    0x000068c3      0x796 LUFA/LUFA/Drivers/USB/Core/USBTask.o
 .debug_line    0x00007059      0xeae Keyboard.o

.debug_frame    0x00000000      0x9dc
 *(.debug_frame)
 .debug_frame   0x00000000       0x24 Descriptors.o
 .debug_frame   0x00000024       0xf4 LUFA/LUFA/Drivers/USB/Class/Device/HIDClassDevice.o
 .debug_frame   0x00000118      0x5c4 LUFA/LUFA/Drivers/USB/Core/AVR8/EndpointStream_AVR8.o
 .debug_frame   0x000006dc       0xdc LUFA/LUFA/Drivers/USB/Core/AVR8/Endpoint_AVR8.o
 .debug_frame   0x000007b8       0x58 LUFA/LUFA/Drivers/USB/Core/AVR8/USBController_AVR8.o
 .debug_frame   0x00000810       0x8c LUFA/LUFA/Drivers/USB/Core/AVR8/USBInterrupt_AVR8.o
 .debug_frame   0x0000089c       0x40 LUFA/LUFA/Drivers/USB/Core/DeviceStandardReq.o
 .debug_frame   0x000008dc       0x24 LUFA/LUFA/Drivers/USB/Core/Events.o
 .debug_frame   0x00000900       0x2c LUFA/LUFA/Drivers/USB/Core/USBTask.o
 .debug_frame   0x0000092c       0xb0 Keyboard.o

.debug_str      0x00000000    0x16f29
 *(.debug_str)
 .debug_str     0x00000000      0x3f7 C:/Program Files (x86)/Atmel/Studio/7.0/Packs/atmel/ATmega_DFP/1.6.364/gcc/dev/at90usb1287/avr51/crtat90usb1287.o
 .debug_str     0x000003f7    0x1472b Descriptors.o
                              0x14abd (size before relaxing)
 .debug_str     0x00014b22      0x4fb LUFA/LUFA/Drivers/USB/Class/Device/HIDClassDevice.o
                              0x14895 (size before relaxing)
 .debug_str     0x0001501d      0x9f5 LUFA/LUFA/Drivers/USB/Core/AVR8/EndpointStream_AVR8.o
                               0xef5b (size before relaxing)
 .debug_str     0x00015a12      0x26c LUFA/LUFA/Drivers/USB/Core/AVR8/Endpoint_AVR8.o
                               0xe5fe (size before relaxing)
 .debug_str     0x00015c7e      0x2a9 LUFA/LUFA/Drivers/USB/Core/AVR8/USBController_AVR8.o
                               0xe55e (size before relaxing)
 .debug_str     0x00015f27      0x169 LUFA/LUFA/Drivers/USB/Core/AVR8/USBInterrupt_AVR8.o
                               0xe512 (size before relaxing)
 .debug_str     0x00016090      0x492 LUFA/LUFA/Drivers/USB/Core/DeviceStandardReq.o
                               0xe9cf (size before relaxing)
 .debug_str     0x00016522       0x4f LUFA/LUFA/Drivers/USB/Core/Events.o
                               0xd790 (size before relaxing)
 .debug_str     0x00016571       0x7a LUFA/LUFA/Drivers/USB/Core/USBTask.o
                               0xe37d (size before relaxing)
 .debug_str     0x000165eb      0x93e Keyboard.o
                              0x14f86 (size before relaxing)

.debug_loc      0x00000000     0x3f29
 *(.debug_loc)
 .debug_loc     0x00000000      0x2d3 Descriptors.o
 .debug_loc     0x000002d3      0x478 LUFA/LUFA/Drivers/USB/Class/Device/HIDClassDevice.o
 .debug_loc     0x0000074b     0x28f7 LUFA/LUFA/Drivers/USB/Core/AVR8/EndpointStream_AVR8.o
 .debug_loc     0x00003042      0x593 LUFA/LUFA/Drivers/USB/Core/AVR8/Endpoint_AVR8.o
 .debug_loc     0x000035d5       0xd5 LUFA/LUFA/Drivers/USB/Core/AVR8/USBController_AVR8.o
 .debug_loc     0x000036aa      0x2ab LUFA/LUFA/Drivers/USB/Core/AVR8/USBInterrupt_AVR8.o
 .debug_loc     0x00003955      0x356 LUFA/LUFA/Drivers/USB/Core/DeviceStandardReq.o
 .debug_loc     0x00003cab       0x49 LUFA/LUFA/Drivers/USB/Core/USBTask.o
 .debug_loc     0x00003cf4      0x235 Keyboard.o

.debug_macinfo
 *(.debug_macinfo)

.debug_weaknames
 *(.debug_weaknames)

.debug_funcnames
 *(.debug_funcnames)

.debug_typenames
 *(.debug_typenames)

.debug_varnames
 *(.debug_varnames)

.debug_pubtypes
 *(.debug_pubtypes)

.debug_ranges   0x00000000      0xbf0
 *(.debug_ranges)
 .debug_ranges  0x00000000       0x10 Descriptors.o
 .debug_ranges  0x00000010       0x20 LUFA/LUFA/Drivers/USB/Class/Device/HIDClassDevice.o
 .debug_ranges  0x00000030      0x928 LUFA/LUFA/Drivers/USB/Core/AVR8/EndpointStream_AVR8.o
 .debug_ranges  0x00000958      0x190 LUFA/LUFA/Drivers/USB/Core/AVR8/Endpoint_AVR8.o
 .debug_ranges  0x00000ae8       0x20 LUFA/LUFA/Drivers/USB/Core/AVR8/USBController_AVR8.o
 .debug_ranges  0x00000b08       0x20 LUFA/LUFA/Drivers/USB/Core/AVR8/USBInterrupt_AVR8.o
 .debug_ranges  0x00000b28       0x58 LUFA/LUFA/Drivers/USB/Core/DeviceStandardReq.o
 .debug_ranges  0x00000b80       0x10 LUFA/LUFA/Drivers/USB/Core/Events.o
 .debug_ranges  0x00000b90       0x10 LUFA/LUFA/Drivers/USB/Core/USBTask.o
 .debug_ranges  0x00000ba0       0x50 Keyboard.o

.debug_macro    0x00000000     0x6e02
 *(.debug_macro)
 .debug_macro   0x00000000      0x41f Descriptors.o
 .debug_macro   0x0000041f      0xa84 Descriptors.o
 .debug_macro   0x00000ea3       0x10 Descriptors.o
 .debug_macro   0x00000eb3      0x1c9 Descriptors.o
 .debug_macro   0x0000107c      0x2fc Descriptors.o
 .debug_macro   0x00001378       0x89 Descriptors.o
 .debug_macro   0x00001401       0xaa Descriptors.o
 .debug_macro   0x000014ab     0x1a6e Descriptors.o
 .debug_macro   0x00002f19      0x1e0 Descriptors.o
 .debug_macro   0x000030f9       0xcb Descriptors.o
 .debug_macro   0x000031c4       0x34 Descriptors.o
 .debug_macro   0x000031f8       0x18 Descriptors.o
 .debug_macro   0x00003210       0x6c Descriptors.o
 .debug_macro   0x0000327c      0x181 Descriptors.o
 .debug_macro   0x000033fd       0x12 Descriptors.o
 .debug_macro   0x0000340f       0x10 Descriptors.o
 .debug_macro   0x0000341f       0x22 Descriptors.o
 .debug_macro   0x00003441       0x16 Descriptors.o
 .debug_macro   0x00003457       0x20 Descriptors.o
 .debug_macro   0x00003477       0xf6 Descriptors.o
 .debug_macro   0x0000356d       0x22 Descriptors.o
 .debug_macro   0x0000358f      0x1a7 Descriptors.o
 .debug_macro   0x00003736       0x2f Descriptors.o
 .debug_macro   0x00003765       0x1c Descriptors.o
 .debug_macro   0x00003781       0x68 Descriptors.o
 .debug_macro   0x000037e9       0x28 Descriptors.o
 .debug_macro   0x00003811       0x69 Descriptors.o
 .debug_macro   0x0000387a       0x33 Descriptors.o
 .debug_macro   0x000038ad      0x10c Descriptors.o
 .debug_macro   0x000039b9      0x160 Descriptors.o
 .debug_macro   0x00003b19      0x160 Descriptors.o
 .debug_macro   0x00003c79       0x10 Descriptors.o
 .debug_macro   0x00003c89       0x1c Descriptors.o
 .debug_macro   0x00003ca5       0x86 Descriptors.o
 .debug_macro   0x00003d2b       0x3c Descriptors.o
 .debug_macro   0x00003d67       0x26 Descriptors.o
 .debug_macro   0x00003d8d       0x4d Descriptors.o
 .debug_macro   0x00003dda       0x73 Descriptors.o
 .debug_macro   0x00003e4d       0x16 Descriptors.o
 .debug_macro   0x00003e63       0x12 Descriptors.o
 .debug_macro   0x00003e75       0x22 Descriptors.o
 .debug_macro   0x00003e97       0x64 Descriptors.o
 .debug_macro   0x00003efb       0x41 Descriptors.o
 .debug_macro   0x00003f3c       0x10 Descriptors.o
 .debug_macro   0x00003f4c       0x1c Descriptors.o
 .debug_macro   0x00003f68       0x16 Descriptors.o
 .debug_macro   0x00003f7e       0x16 Descriptors.o
 .debug_macro   0x00003f94      0x12c Descriptors.o
 .debug_macro   0x000040c0       0x16 Descriptors.o
 .debug_macro   0x000040d6       0x46 Descriptors.o
 .debug_macro   0x0000411c       0x58 Descriptors.o
 .debug_macro   0x00004174       0x10 Descriptors.o
 .debug_macro   0x00004184       0x35 Descriptors.o
 .debug_macro   0x000041b9       0xf2 Descriptors.o
 .debug_macro   0x000042ab       0x16 Descriptors.o
 .debug_macro   0x000042c1      0x154 Descriptors.o
 .debug_macro   0x00004415       0x2a Descriptors.o
 .debug_macro   0x0000443f      0x6ce Descriptors.o
 .debug_macro   0x00004b0d       0x16 Descriptors.o
 .debug_macro   0x00004b23      0x132 Descriptors.o
 .debug_macro   0x00004c55       0x16 Descriptors.o
 .debug_macro   0x00004c6b       0x10 Descriptors.o
 .debug_macro   0x00004c7b       0x6c Descriptors.o
 .debug_macro   0x00004ce7       0x16 Descriptors.o
 .debug_macro   0x00004cfd       0x1c Descriptors.o
 .debug_macro   0x00004d19       0x16 Descriptors.o
 .debug_macro   0x00004d2f       0x10 Descriptors.o
 .debug_macro   0x00004d3f      0x1be Descriptors.o
 .debug_macro   0x00004efd       0x16 Descriptors.o
 .debug_macro   0x00004f13       0x10 Descriptors.o
 .debug_macro   0x00004f23      0x431 LUFA/LUFA/Drivers/USB/Class/Device/HIDClassDevice.o
 .debug_macro   0x00005354      0x5f8 LUFA/LUFA/Drivers/USB/Core/AVR8/EndpointStream_AVR8.o
 .debug_macro   0x0000594c       0x28 LUFA/LUFA/Drivers/USB/Core/AVR8/EndpointStream_AVR8.o
 .debug_macro   0x00005974       0x1c LUFA/LUFA/Drivers/USB/Core/AVR8/EndpointStream_AVR8.o
 .debug_macro   0x00005990       0x1c LUFA/LUFA/Drivers/USB/Core/AVR8/EndpointStream_AVR8.o
 .debug_macro   0x000059ac      0x287 LUFA/LUFA/Drivers/USB/Core/AVR8/Endpoint_AVR8.o
 .debug_macro   0x00005c33       0x10 LUFA/LUFA/Drivers/USB/Core/AVR8/Endpoint_AVR8.o
 .debug_macro   0x00005c43      0x267 LUFA/LUFA/Drivers/USB/Core/AVR8/USBController_AVR8.o
 .debug_macro   0x00005eaa       0x79 LUFA/LUFA/Drivers/USB/Core/AVR8/USBController_AVR8.o
 .debug_macro   0x00005f23      0x267 LUFA/LUFA/Drivers/USB/Core/AVR8/USBInterrupt_AVR8.o
 .debug_macro   0x0000618a      0x271 LUFA/LUFA/Drivers/USB/Core/DeviceStandardReq.o
 .debug_macro   0x000063fb      0x182 LUFA/LUFA/Drivers/USB/Core/Events.o
 .debug_macro   0x0000657d      0x277 LUFA/LUFA/Drivers/USB/Core/USBTask.o
 .debug_macro   0x000067f4      0x469 Keyboard.o
 .debug_macro   0x00006c5d       0x68 Keyboard.o
 .debug_macro   0x00006cc5       0x9d Keyboard.o
 .debug_macro   0x00006d62       0x12 Keyboard.o
 .debug_macro   0x00006d74       0x2e Keyboard.o
 .debug_macro   0x00006da2       0x28 Keyboard.o
 .debug_macro   0x00006dca       0x1c Keyboard.o
 .debug_macro   0x00006de6       0x1c Keyboard.o
OUTPUT(UsbSerialDemo.elf elf32-avr)
LOAD linker stubs
